// Jest Snapshot v1, https://goo.gl/fbAQLP

exports[`Renders App correctly 1`] = `
<div
  className="App"
>
  <header
    className="App-header"
  >
    <span>
      Schedules
    </span>
    <span
      className="material-icons menu"
    >
      menu
    </span>
  </header>
  <main
    className="main"
  >
    <div
      className="schedules"
    >
      <div
        className="filters mb-30"
      >
        <h3
          className="uppercase mb-10 d-flex justify-between"
        >
          <span>
            Filters
          </span>
          <span
            className="material-icons menu"
          >
            tune
          </span>
        </h3>
        <select
          className="mb-10"
          onChange={[Function]}
        >
          <option
            value=""
          >
            Interval [any]
          </option>
        </select>
        <input
          className="mb-10"
          id="searchQuery"
          onChange={[Function]}
          placeholder="Search by name or description"
          type="text"
        />
        <div
          className="d-flex mb-20"
        >
          <div
            className="d-flex w-50"
          >
            <input
              checked={true}
              id="retired"
              name="retired"
              onChange={[Function]}
              type="checkbox"
            />
            <label
              htmlFor="retired"
            >
              <strong>
                Retired
              </strong>
            </label>
          </div>
          <div
            className="d-flex w-50"
          >
            <input
              checked={true}
              id="unretired"
              name="unretired"
              onChange={[Function]}
              type="checkbox"
            />
            <label
              htmlFor="unretired"
            >
              <strong>
                Unretired
              </strong>
            </label>
          </div>
        </div>
        <hr />
      </div>
    </div>
    <div
      className="logs"
    >
      <div
        className="empty-logs"
      >
        <h1>
          Select a schedule to view its logs
        </h1>
      </div>
    </div>
  </main>
</div>
`;
